<html>
<body>
<pre>
<h1>µVision Build Log</h1>
<h2>Tool Versions:</h2>
IDE-Version: µVision V5.31.0.0
Copyright (C) 2020 ARM Ltd and ARM Germany GmbH. All rights reserved.
License Information: viet IT, kma, LIC=EXJT4-FW6YP-RAIDM-XV8US-GJ9CI-GV652
 
Tool Versions:
Toolchain:       MDK-ARM Plus  Version: 5.31.0.0
Toolchain Path:  C:\Keil_v5\ARM\ARMCC\Bin
C Compiler:      Armcc.exe V5.06 update 6 (build 750)
Assembler:       Armasm.exe V5.06 update 6 (build 750)
Linker/Locator:  ArmLink.exe V5.06 update 6 (build 750)
Library Manager: ArmAr.exe V5.06 update 6 (build 750)
Hex Converter:   FromElf.exe V5.06 update 6 (build 750)
CPU DLL:         SARMCM3.DLL V5.31.0.0
Dialog DLL:      DCM.DLL V1.17.3.0
Target DLL:      STLink\ST-LINKIII-KEIL_SWO.dll V3.0.7.0
Dialog DLL:      TCM.DLL V1.46.0.0
 
<h2>Project:</h2>
C:\Users\Admin\Desktop\ATHTN\2\SDCARD\MDK-ARM\SDCARD.uvprojx
Project File Date:  06/29/2025

<h2>Output:</h2>
*** Using Compiler 'V5.06 update 6 (build 750)', folder: 'C:\Keil_v5\ARM\ARMCC\Bin'
Build target 'SDCARD'
compiling main.c...
../Core/Inc/pbkdf2.h(11): warning:  #1-D: last line of file ends without a newline
  #endif
../Core/Src/main.c(400): warning:  #177-D: variable "msg"  was declared but never referenced
      char msg[256];
../Core/Src/main.c(670): warning:  #1-D: last line of file ends without a newline
  #endif /* USE_FULL_ASSERT */
../Core/Src/main.c(187): warning:  #177-D: function "write_string_to_flash"  was declared but never referenced
  static void write_string_to_flash(const char *str) {
../Core/Src/main.c(182): warning:  #177-D: function "is_string_stored"  was declared but never referenced
  static int is_string_stored(void) {
../Core/Src/main.c(127): warning:  #177-D: function "derive_key_hex"  was declared but never referenced
  static void derive_key_hex(const char *password, char *key_hex) {
../Core/Src/main.c: 6 warnings, 0 errors
linking...
Program Size: Code=23364 RO-data=2824 RW-data=88 ZI-data=11816  
FromELF: creating hex file...
"SDCARD\SDCARD.axf" - 0 Error(s), 6 Warning(s).

<h2>Software Packages used:</h2>

Package Vendor: ARM
                http://www.keil.com/pack/ARM.CMSIS.5.7.0.pack
                ARM.CMSIS.5.7.0
                CMSIS (Cortex Microcontroller Software Interface Standard)
   * Component: CORE Version: 5.4.0

Package Vendor: Keil
                https://www.keil.com/pack/Keil.STM32F1xx_DFP.2.4.1.pack
                Keil.STM32F1xx_DFP.2.4.1
                STMicroelectronics STM32F1 Series Device Support, Drivers and Examples

<h2>Collection of Component include folders:</h2>
  .\RTE\_SDCARD
  C:\Users\Admin\AppData\Local\Arm\Packs\ARM\CMSIS\5.7.0\CMSIS\Core\Include
  C:\Users\Admin\AppData\Local\Arm\Packs\Keil\STM32F1xx_DFP\2.4.1\Device\Include

<h2>Collection of Component Files used:</h2>

   * Component: ARM::CMSIS:CORE:5.4.0
Build Time Elapsed:  00:00:01
</pre>
</body>
</html>
